// Jest Snapshot v1, https://goo.gl/fbAQLP

exports[`unit tests snapshot 1`] = `
<div
  data-testid="sum"
>
  6
</div>
`;
